Traceback (most recent call last):
  File "<frozen runpy>", line 198, in _run_module_as_main
  File "<frozen runpy>", line 88, in _run_code
  File "C:\Users\t-bvangala\Downloads\SC26_AgenticAI4HPC\harness\run_pareval_batch.py", line 323, in <module>
    main()
  File "C:\Users\t-bvangala\Downloads\SC26_AgenticAI4HPC\harness\run_pareval_batch.py", line 256, in main
    gen(c)
  File "C:\Users\t-bvangala\Downloads\SC26_AgenticAI4HPC\harness\run_pareval_batch.py", line 102, in gen
    raw = client.chat(model_id, cell.messages, max_tokens=budget)
          ^^^^^^^^^^^^^^^^^^^^^^^^^^^^^^^^^^^^^^^^^^^^^^^^^^^^^^^
  File "C:\Users\t-bvangala\Downloads\SC26_AgenticAI4HPC\harness\azure_llm.py", line 168, in chat
    raise RuntimeError(f"chat failed after {retries} attempts: {last_err}")
RuntimeError: chat failed after 8 attempts: Connection error.
639 cells final scoring 32 cells (full sweep) ...

done: 0/32 robust. wrote results\pareval_scaled.jsonl
[16:00:54] (4/20) 15_graph_edge_count done; scaled pool now 98 rows
[16:00:54] (5/20) TASK 36_search_check_if_array_contains_value : generating+scoring 4 models x k=8 ...
final scoring 32 cells (full sweep) ...

done: 32/32 robust. wrote results\pareval_scaled.jsonl
[16:44:01] (5/20) 36_search_check_if_array_contains_value done; scaled pool now 130 rows
[16:44:01] (6/20) TASK 40_sort_sort_an_array_of_complex_numbers_by_magnitude : generating+scoring 4 models x k=8 ...
final scoring 32 cells (full sweep) ...

done: 0/32 robust. wrote results\pareval_scaled.jsonl
[16:59:01] (6/20) 40_sort_sort_an_array_of_complex_numbers_by_magnitude done; scaled pool now 162 rows
[16:59:01] (7/20) TASK 45_sparse_la_sparse_solve : generating+scoring 4 models x k=8 ...
final scoring 32 cells (full sweep) ...

done: 0/32 robust. wrote results\pareval_scaled.jsonl
[17:39:12] (7/20) 45_sparse_la_sparse_solve done; scaled pool now 194 rows
[17:39:12] (8/20) TASK 00_dense_la_lu_decomp : generating+scoring 4 models x k=8 ...
final scoring 32 cells (full sweep) ...

done: 12/32 robust. wrote results\pareval_scaled.jsonl
[18:16:27] (8/20) 00_dense_la_lu_decomp done; scaled pool now 226 rows
[18:16:27] (9/20) TASK 05_fft_inverse_fft : generating+scoring 4 models x k=8 ...
To check existing issues, please visit: https://github.com/Azure/azure-cli/issues
32 cells to run (skipped 225 done)
generating round 0 for all cells ...
[18:25:05] (9/20) 05_fft_inverse_fft done; scaled pool now 226 rows
[18:25:05] (10/20) TASK 10_geometry_convex_hull : generating+scoring 4 models x k=8 ...
RuntimeError: chat failed after 8 attempts: Connection error.
32 cells to run (skipped 225 done)
generating round 0 for all cells ...
[18:34:16] (10/20) 10_geometry_convex_hull done; scaled pool now 226 rows
[18:34:16] (11/20) TASK 50_stencil_xor_kernel : generating+scoring 4 models x k=8 ...
RuntimeError: chat failed after 8 attempts: Connection error.
32 cells to run (skipped 225 done)
generating round 0 for all cells ...
[18:43:10] (11/20) 50_stencil_xor_kernel done; scaled pool now 226 rows
[18:43:11] (12/20) TASK 55_transform_relu : generating+scoring 4 models x k=8 ...
RuntimeError: chat failed after 8 attempts: Connection error.
31 cells to run (skipped 225 done)
generating round 0 for all cells ...
[18:51:31] (12/20) 55_transform_relu done; scaled pool now 226 rows
[18:51:31] (13/20) TASK 17_graph_highest_degree : generating+scoring 4 models x k=8 ...
final scoring 32 cells (full sweep) ...

done: 12/32 robust. wrote results\pareval_scaled.jsonl
[19:25:02] (13/20) 17_graph_highest_degree done; scaled pool now 258 rows
[19:25:02] (14/20) TASK 21_histogram_bin_0-100 : generating+scoring 4 models x k=8 ...
final scoring 32 cells (full sweep) ...

done: 31/32 robust. wrote results\pareval_scaled.jsonl
[21:35:22] (14/20) 21_histogram_bin_0-100 done; scaled pool now 290 rows
[21:35:22] (15/20) TASK 22_histogram_count_quadrants : generating+scoring 4 models x k=8 ...
final scoring 32 cells (full sweep) ...

done: 23/32 robust. wrote results\pareval_scaled.jsonl
[22:15:28] (15/20) 22_histogram_count_quadrants done; scaled pool now 322 rows
[22:15:28] (16/20) TASK 26_reduce_product_of_inverses : generating+scoring 4 models x k=8 ...
final scoring 32 cells (full sweep) ...

done: 0/32 robust. wrote results\pareval_scaled.jsonl
[22:55:34] (16/20) 26_reduce_product_of_inverses done; scaled pool now 354 rows
[22:55:34] (17/20) TASK 29_reduce_sum_of_min_of_pairs : generating+scoring 4 models x k=8 ...
final scoring 32 cells (full sweep) ...

done: 32/32 robust. wrote results\pareval_scaled.jsonl
[23:41:08] (17/20) 29_reduce_sum_of_min_of_pairs done; scaled pool now 386 rows
[23:41:09] (18/20) TASK 33_scan_reverse_prefix_sum : generating+scoring 4 models x k=8 ...
final scoring 32 cells (full sweep) ...

done: 2/32 robust. wrote results\pareval_scaled.jsonl
[00:26:42] (18/20) 33_scan_reverse_prefix_sum done; scaled pool now 418 rows
[00:26:42] (19/20) TASK 35_search_search_for_last_struct_by_key : generating+scoring 4 models x k=8 ...
final scoring 32 cells (full sweep) ...

done: 24/32 robust. wrote results\pareval_scaled.jsonl
[01:01:50] (19/20) 35_search_search_for_last_struct_by_key done; scaled pool now 450 rows
[01:01:50] (20/20) TASK 38_search_find_the_first_even_number : generating+scoring 4 models x k=8 ...
final scoring 32 cells (full sweep) ...

done: 29/32 robust. wrote results\pareval_scaled.jsonl
[01:42:20] (20/20) 38_search_find_the_first_even_number done; scaled pool now 482 rows
ALL SCALED TASKS COMPLETE: 482 rows in pareval_scaled.jsonl
